=== ПОДРОБНЫЕ ОШИБКИ В НЕРАБОТАЮЩИХ ТЕСТАХ ===

=== analyzer_arrays_array_checks ===
=== analyzer_control_flow_const_and_control ===
=== analyzer_control_flow_for_for_in_array_ok ===
=== analyzer_control_flow_for_for_range_ok ===
=== analyzer_control_flow_for_for_range_type_error ===
=== analyzer_control_flow_if_else_hoist_and_fold ===
=== analyzer_control_flow_if_if_condition_typecheck ===
=== analyzer_control_flow_while_while_condition_typecheck ===
=== analyzer_control_flow_while_while_false_nested ===
=== analyzer_hoist_hoist_and_fold ===
=== analyzer_hoist_hoist_conflict ===
=== analyzer_hoist_hoist_nested ===
=== analyzer_optimizer_boolean_folding ===
=== analyzer_optimizer_keep_decl_with_initializer ===
=== analyzer_optimizer_postopt_undefined_top_level ===
=== analyzer_optimizer_remove_unused_decl ===
=== analyzer_precedence_precedence_arith ===
=== analyzer_precedence_precedence_boolean ===
=== analyzer_precedence_precedence_mixed ===
=== analyzer_precedence_precedence_unary ===
=== analyzer_print_print_multiple ===
=== analyzer_records_field_nonrecord ===
=== analyzer_routines_routine_call_type_mismatch ===
=== analyzer_routines_routine_call_undefined ===
=== analyzer_typecheck_assignment_type_mismatch ===
=== analyzer_typecheck_if_condition_typecheck ===
=== analyzer_typecheck_while_condition_typecheck ===
